// Jest Snapshot v1, https://goo.gl/fbAQLP

exports[`About component matches snapshot DOM node structure 1`] = `
<DocumentFragment>
  <section
    class="my-5"
  >
    <h1
      id="about"
    >
      Who am I?
    </h1>
    <img
      alt="cover"
      class="my-2"
      src="cover-image.jpg"
      style="width: 100%;"
    />
    <p>
      Lorem ipsum, dolor sit amet consectetur adipisicing elit. Accusantium harum culpa non reprehenderit vel nam, asperiores alias molestiae praesentium. Repudiandae voluptas earum tempora nobis velit numquam cumque, nulla accusantium sint.
    </p>
  </section>
</DocumentFragment>
`;
